// Jest Snapshot v1, https://goo.gl/fbAQLP

exports[`Header -- AvatarMenu should render correctly 1`] = `
<ClickAwayListener
  mouseEvent="onMouseUp"
  onClickAway={[Function]}
  touchEvent="onTouchEnd"
>
  <WithStyles(Grid)
    item={true}
    style={
      Object {
        "zIndex": 2,
      }
    }
  >
    <Manager>
      <Reference>
        <Component />
      </Reference>
      <Popper
        eventsEnabled={false}
        placement="bottom-end"
        style={
          Object {
            "pointerEvents": "none",
          }
        }
      >
        <Component />
      </Popper>
    </Manager>
  </WithStyles(Grid)>
</ClickAwayListener>
`;
