// Jest Snapshot v1, https://goo.gl/fbAQLP

exports[`HeaderTabs should render correctly 1`] = `
<FlexGrid
  align="stretch"
  circular={false}
  container={true}
  flex={false}
  justify="stretch"
  padding={0}
  raised={false}
  style={
    Object {
      "height": "100%",
    }
  }
  type="row"
>
  <FlexGrid
    align="center"
    circular={false}
    container={true}
    flex={false}
    id="tab-undefined"
    justify="stretch"
    key="tab-0"
    onClick={[Function]}
    onKeyPress={[Function]}
    padding="12px 20px 12px 20px"
    raised={false}
    style={
      Object {
        "borderBottom": "4px solid #db036e",
        "color": "#048484",
        "cursor": "pointer",
      }
    }
    tabIndex={0}
    type="row"
  >
    <WithTheme(Icon)
      color="#b1adc2"
      style={
        Object {
          "marginRight": 8,
        }
      }
    >
      dvr
    </WithTheme(Icon)>
    <WithStyles(Typography)
      style={
        Object {
          "color": "white",
        }
      }
      variant="caption"
    >
      Project List
    </WithStyles(Typography)>
  </FlexGrid>
  <FlexGrid
    align="center"
    circular={false}
    container={true}
    flex={false}
    id="tab-undefined"
    justify="stretch"
    key="tab-1"
    onClick={[Function]}
    onKeyPress={[Function]}
    padding="12px 20px 12px 20px"
    raised={false}
    style={
      Object {
        "borderBottom": "4px solid transparent",
        "cursor": "pointer",
      }
    }
    tabIndex={0}
    type="row"
  >
    <WithTheme(Icon)
      color="#b1adc2"
      style={
        Object {
          "marginRight": 8,
        }
      }
    >
      description
    </WithTheme(Icon)>
    <WithStyles(Typography)
      style={
        Object {
          "color": "white",
        }
      }
      variant="caption"
    >
      Document Management
    </WithStyles(Typography)>
  </FlexGrid>
</FlexGrid>
`;
