// Jest Snapshot v1, https://goo.gl/fbAQLP

exports[`Button component should render correctly 1`] = `
<WithStyles(Button)
  color="default"
  disabled={false}
  onClick={[Function]}
  onFocus={[Function]}
  style={
    Object {
      "backgroundColor": "#3d316a",
      "color": "white",
      "fontWeight": 400,
    }
  }
  variant="raised"
>
  I am a button
</WithStyles(Button)>
`;
