// Jest Snapshot v1, https://goo.gl/fbAQLP

exports[`DocumentList should render DocumentList component correctly 1`] = `
<FlexGrid
  align="stretch"
  circular={false}
  container={true}
  flex={true}
  justify="stretch"
  padding={0}
  raised={true}
  style={
    Object {
      "overflow": "hidden",
    }
  }
  type="column"
>
  <FlexGrid
    align="center"
    circular={false}
    container={true}
    flex={false}
    justify="space-between"
    padding="0 15px"
    raised={false}
    style={
      Object {
        "height": 55,
        "maxHeight": 55,
        "minHeight": 55,
      }
    }
    type="row"
  >
    <FlexGrid
      align="center"
      circular={false}
      container={true}
      flex={true}
      justify="stretch"
      padding={0}
      raised={false}
      style={
        Object {
          "marginRight": 20,
          "overflow": "hidden",
          "whiteSpace": "nowrap",
        }
      }
      type="row"
    >
      <WithStyles(Typography)
        style={
          Object {
            "fontSize": "1.125rem",
            "fontWeight": 500,
            "letterSpacing": 0,
            "overflow": "hidden",
            "textOverflow": "ellipsis",
          }
        }
        variant="subheading"
      >
        Assigned Documents
      </WithStyles(Typography)>
    </FlexGrid>
    <FlexGrid
      align="stretch"
      circular={false}
      container={false}
      flex={false}
      justify="stretch"
      padding={0}
      raised={false}
      style={Object {}}
      type="column"
    >
      <IconButton
        color="#757575"
        disabled={false}
        iconSize={24}
        onClick={[Function]}
        placement="left-start"
        tooltipText="Download All Documents"
      >
        file_download
      </IconButton>
    </FlexGrid>
  </FlexGrid>
  <WithStyles(Divider) />
  <FlexGrid
    align="stretch"
    circular={false}
    container={true}
    flex={true}
    justify="stretch"
    padding={0}
    raised={false}
    style={
      Object {
        "height": "100%",
        "overflow": "auto",
        "position": "relative",
      }
    }
    type="column"
  >
    <FlexGrid
      align="center"
      circular={false}
      container={true}
      flex={false}
      justify="stretch"
      padding="10px 15px"
      raised={false}
      style={Object {}}
      type="row"
    >
      <FlexGrid
        align="center"
        circular={false}
        container={true}
        flex={true}
        justify="stretch"
        padding={0}
        raised={false}
        style={Object {}}
        type="row"
      >
        <WithStyles(Typography)>
          1
          .
        </WithStyles(Typography)>
        <WithStyles(Typography)
          style={
            Object {
              "color": "#048484",
              "cursor": "pointer",
              "paddingLeft": 5,
              "paddingRight": 5,
            }
          }
        >
          <span
            onClick={[Function]}
            style={
              Object {
                "paddingRight": 10,
              }
            }
          >
            doc1
              
            <span
              style={
                Object {
                  "color": "#7b7b7b",
                  "fontSize": "0.8rem",
                }
              }
            >
              (12/10/2010)
            </span>
          </span>
        </WithStyles(Typography)>
      </FlexGrid>
      <IconButton
        color="#757575"
        disabled={false}
        iconSize={20}
        onClick={[Function]}
        tooltipText="Download"
      >
        file_download
      </IconButton>
    </FlexGrid>
    <WithStyles(Divider) />
    <FlexGrid
      align="center"
      circular={false}
      container={true}
      flex={false}
      justify="stretch"
      padding="10px 15px"
      raised={false}
      style={Object {}}
      type="row"
    >
      <FlexGrid
        align="center"
        circular={false}
        container={true}
        flex={true}
        justify="stretch"
        padding={0}
        raised={false}
        style={Object {}}
        type="row"
      >
        <WithStyles(Typography)>
          2
          .
        </WithStyles(Typography)>
        <WithStyles(Typography)
          style={
            Object {
              "color": "#048484",
              "cursor": "pointer",
              "paddingLeft": 5,
              "paddingRight": 5,
            }
          }
        >
          <span
            onClick={[Function]}
            style={
              Object {
                "paddingRight": 10,
              }
            }
          >
            doc2
              
            <span
              style={
                Object {
                  "color": "#7b7b7b",
                  "fontSize": "0.8rem",
                }
              }
            >
              (8/14/2019)
            </span>
          </span>
        </WithStyles(Typography)>
      </FlexGrid>
      <IconButton
        color="#757575"
        disabled={false}
        iconSize={20}
        onClick={[Function]}
        tooltipText="Download"
      >
        file_download
      </IconButton>
    </FlexGrid>
    <WithStyles(Divider) />
  </FlexGrid>
  <a
    style={
      Object {
        "display": "none",
      }
    }
  />
</FlexGrid>
`;
